{"level":"info","message":"✅ Connexion à MongoDB réussie","service":"social-app","timestamp":"2025-06-11 23:03:35"}
{"level":"info","message":"✅ Connexion à MongoDB réussie","service":"social-app","timestamp":"2025-06-12 00:33:44"}
{"level":"info","message":"✅ Connexion à MongoDB réussie","service":"social-app","timestamp":"2025-06-12 12:16:00"}
{"level":"info","message":"✅ Connexion à MongoDB réussie","service":"social-app","timestamp":"2025-06-12 18:18:33"}
{"level":"info","message":"✅ Connexion à MongoDB réussie","service":"social-app","timestamp":"2025-06-12 18:26:53"}
{"level":"info","message":"✅ Connexion à MongoDB réussie","service":"social-app","timestamp":"2025-06-12 18:27:15"}
{"level":"info","message":"✅ Connexion à MongoDB réussie","service":"social-app","timestamp":"2025-06-12 18:27:17"}
{"level":"info","message":"✅ Connexion à MongoDB réussie","service":"social-app","timestamp":"2025-06-12 18:32:20"}
{"level":"info","message":"✅ Connexion à MongoDB réussie","service":"social-app","timestamp":"2025-06-12 18:32:24"}
{"level":"info","message":"✅ Connexion à MongoDB réussie","service":"social-app","timestamp":"2025-06-12 18:34:50"}
{"level":"info","message":"✅ Connexion à MongoDB réussie","service":"social-app","timestamp":"2025-06-12 18:35:04"}
{"level":"info","message":"✅ Connexion à MongoDB réussie","service":"social-app","timestamp":"2025-06-12 18:47:45"}
{"level":"info","message":"✅ Connexion à MongoDB réussie","service":"social-app","timestamp":"2025-06-12 18:48:00"}
{"level":"info","message":"✅ Connexion à MongoDB réussie","service":"social-app","timestamp":"2025-06-12 18:48:12"}
{"level":"info","message":"✅ Connexion à MongoDB réussie","service":"social-app","timestamp":"2025-06-12 22:52:58"}
{"level":"info","message":"✅ Connexion à MongoDB réussie","service":"social-app","timestamp":"2025-06-12 23:07:21"}
{"level":"info","message":"✅ Connexion à MongoDB réussie","service":"social-app","timestamp":"2025-06-12 23:07:24"}
{"level":"info","message":"✅ Connexion à MongoDB réussie","service":"social-app","timestamp":"2025-06-12 23:10:24"}
{"level":"info","message":"✅ Connexion à MongoDB réussie","service":"social-app","timestamp":"2025-06-12 23:11:23"}
{"level":"info","message":"✅ Connexion à MongoDB réussie","service":"social-app","timestamp":"2025-06-12 23:11:55"}
{"level":"info","message":"✅ Connexion à MongoDB réussie","service":"social-app","timestamp":"2025-06-12 23:12:23"}
{"level":"info","message":"✅ Connexion à MongoDB réussie","service":"social-app","timestamp":"2025-06-13 00:16:11"}
{"level":"info","message":"✅ Connexion à MongoDB réussie","service":"social-app","timestamp":"2025-06-13 00:23:44"}
{"level":"info","message":"✅ Connexion à MongoDB réussie","service":"social-app","timestamp":"2025-06-13 00:23:45"}
{"level":"info","message":"✅ Connexion à MongoDB réussie","service":"social-app","timestamp":"2025-06-13 00:45:46"}
{"level":"info","message":"✅ Connexion à MongoDB réussie","service":"social-app","timestamp":"2025-06-13 01:05:00"}
{"level":"info","message":"✅ Connexion à MongoDB réussie","service":"social-app","timestamp":"2025-06-13 01:05:11"}
{"level":"info","message":"✅ Connexion à MongoDB réussie","service":"social-app","timestamp":"2025-06-13 01:06:15"}
{"level":"info","message":"✅ Connexion à MongoDB réussie","service":"social-app","timestamp":"2025-06-13 01:07:43"}
{"level":"info","message":"✅ Connexion à MongoDB réussie","service":"social-app","timestamp":"2025-06-13 01:07:51"}
{"level":"info","message":"✅ Connexion à MongoDB réussie","service":"social-app","timestamp":"2025-06-13 01:09:05"}
{"level":"info","message":"✅ Connexion à MongoDB réussie","service":"social-app","timestamp":"2025-06-13 01:09:15"}
{"level":"info","message":"✅ Connexion à MongoDB réussie","service":"social-app","timestamp":"2025-06-13 01:09:41"}
{"level":"info","message":"✅ Connexion à MongoDB réussie","service":"social-app","timestamp":"2025-06-13 01:11:31"}
{"level":"info","message":"✅ Connexion à MongoDB réussie","service":"social-app","timestamp":"2025-06-13 01:13:54"}
{"level":"info","message":"✅ Connexion à MongoDB réussie","service":"social-app","timestamp":"2025-06-13 01:13:59"}
{"level":"info","message":"✅ Connexion à MongoDB réussie","service":"social-app","timestamp":"2025-06-13 01:26:52"}
{"level":"info","message":"✅ Connexion à MongoDB réussie","service":"social-app","timestamp":"2025-06-13 01:27:06"}
{"level":"info","message":"✅ Connexion à MongoDB réussie","service":"social-app","timestamp":"2025-06-13 01:29:32"}
{"level":"info","message":"✅ Connexion à MongoDB réussie","service":"social-app","timestamp":"2025-06-13 01:44:08"}
{"level":"info","message":"✅ Connexion à MongoDB réussie","service":"social-app","timestamp":"2025-06-13 01:44:20"}
{"level":"info","message":"✅ Connexion à MongoDB réussie","service":"social-app","timestamp":"2025-06-13 01:49:33"}
{"level":"info","message":"✅ Connexion à MongoDB réussie","service":"social-app","timestamp":"2025-06-13 01:52:22"}
{"level":"info","message":"✅ Connexion à MongoDB réussie","service":"social-app","timestamp":"2025-06-13 01:52:41"}
{"level":"info","message":"✅ Connexion à MongoDB réussie","service":"social-app","timestamp":"2025-06-13 02:11:47"}
{"level":"info","message":"✅ Connexion à MongoDB réussie","service":"social-app","timestamp":"2025-06-13 02:28:09"}
{"level":"info","message":"✅ Connexion à MongoDB réussie","service":"social-app","timestamp":"2025-06-13 02:28:14"}
{"level":"info","message":"✅ Connexion à MongoDB réussie","service":"social-app","timestamp":"2025-06-13 02:34:43"}
{"level":"info","message":"✅ Connexion à MongoDB réussie","service":"social-app","timestamp":"2025-06-13 02:36:36"}
{"level":"info","message":"✅ Connexion à MongoDB réussie","service":"social-app","timestamp":"2025-06-13 02:36:59"}
{"level":"info","message":"✅ Connexion à MongoDB réussie","service":"social-app","timestamp":"2025-06-13 02:37:12"}
{"level":"info","message":"✅ Connexion à MongoDB réussie","service":"social-app","timestamp":"2025-06-13 02:38:18"}
{"level":"info","message":"✅ Connexion à MongoDB réussie","service":"social-app","timestamp":"2025-06-13 02:43:44"}
{"level":"info","message":"✅ Connexion à MongoDB réussie","service":"social-app","timestamp":"2025-06-13 02:43:51"}
{"level":"info","message":"✅ Connexion à MongoDB réussie","service":"social-app","timestamp":"2025-06-13 02:43:57"}
{"level":"info","message":"✅ Connexion à MongoDB réussie","service":"social-app","timestamp":"2025-06-13 02:47:22"}
{"level":"info","message":"✅ Connexion à MongoDB réussie","service":"social-app","timestamp":"2025-06-13 02:49:04"}
{"level":"info","message":"✅ Connexion à MongoDB réussie","service":"social-app","timestamp":"2025-06-13 02:50:43"}
{"level":"info","message":"✅ Connexion à MongoDB réussie","service":"social-app","timestamp":"2025-06-13 02:51:32"}
{"level":"info","message":"✅ Connexion à MongoDB réussie","service":"social-app","timestamp":"2025-06-13 03:09:36"}
{"level":"info","message":"✅ Connexion à MongoDB réussie","service":"social-app","timestamp":"2025-06-13 03:10:24"}
{"level":"info","message":"✅ Connexion à MongoDB réussie","service":"social-app","timestamp":"2025-06-13 03:15:32"}
{"level":"info","message":"✅ Connexion à MongoDB réussie","service":"social-app","timestamp":"2025-06-13 03:15:37"}
{"level":"info","message":"✅ Connexion à MongoDB réussie","service":"social-app","timestamp":"2025-06-13 13:36:32"}
{"level":"info","message":"✅ Connexion à MongoDB réussie","service":"social-app","timestamp":"2025-06-13 13:37:32"}
{"level":"info","message":"✅ Connexion à MongoDB réussie","service":"social-app","timestamp":"2025-06-13 13:38:36"}
{"level":"info","message":"✅ Connexion à MongoDB réussie","service":"social-app","timestamp":"2025-06-13 13:39:45"}
{"level":"info","message":"✅ Connexion à MongoDB réussie","service":"social-app","timestamp":"2025-06-13 13:53:52"}
{"level":"info","message":"✅ Connexion à MongoDB réussie","service":"social-app","timestamp":"2025-06-13 13:54:20"}
{"level":"info","message":"✅ Connexion à MongoDB réussie","service":"social-app","timestamp":"2025-06-13 13:54:44"}
{"level":"info","message":"✅ Connexion à MongoDB réussie","service":"social-app","timestamp":"2025-06-13 13:56:39"}
{"level":"info","message":"✅ Connexion à MongoDB réussie","service":"social-app","timestamp":"2025-06-13 14:21:59"}
{"level":"info","message":"✅ Connexion à MongoDB réussie","service":"social-app","timestamp":"2025-06-13 14:22:54"}
{"level":"info","message":"✅ Connexion à MongoDB réussie","service":"social-app","timestamp":"2025-06-13 14:23:40"}
{"level":"info","message":"✅ Connexion à MongoDB réussie","service":"social-app","timestamp":"2025-06-13 14:25:35"}
{"level":"info","message":"✅ Connexion à MongoDB réussie","service":"social-app","timestamp":"2025-06-13 14:25:50"}
{"level":"error","message":"sendEmail is not defined","service":"social-app","timestamp":"2025-06-13 14:26:03"}
{"level":"info","message":"✅ Connexion à MongoDB réussie","service":"social-app","timestamp":"2025-06-13 14:26:49"}
{"0":"s","1":"e","10":"i","11":"s","12":" ","13":"n","14":"o","15":"t","16":" ","17":"d","18":"e","19":"f","2":"n","20":"i","21":"n","22":"e","23":"d","3":"d","4":"E","5":"m","6":"a","7":"i","8":"l","9":" ","level":"error","message":"❌Erreur d'envoie de l'email","service":"social-app","timestamp":"2025-06-13 14:26:51"}
{"level":"info","message":"✅ Connexion à MongoDB réussie","service":"social-app","timestamp":"2025-06-13 14:27:00"}
{"level":"info","message":"✅ Connexion à MongoDB réussie","service":"social-app","timestamp":"2025-06-13 14:27:10"}
{"level":"info","message":"✅ Connexion à MongoDB réussie","service":"social-app","timestamp":"2025-06-13 14:27:41"}
{"level":"info","message":"✅ Connexion à MongoDB réussie","service":"social-app","timestamp":"2025-06-13 14:28:08"}
{"level":"info","message":"✅Email de réinitialisation envoyé à juniorbeguerisse@gmail.com pour l'utilisateur junior_b","service":"social-app","timestamp":"2025-06-13 14:28:12"}
{"level":"info","message":"✅ Connexion à MongoDB réussie","service":"social-app","timestamp":"2025-06-13 14:31:35"}
{"level":"info","message":"✅Email de réinitialisation envoyé à juniorbeguerisse@gmail.com pour l'utilisateur junior_b","service":"social-app","timestamp":"2025-06-13 14:31:41"}
{"level":"info","message":"✅ Connexion à MongoDB réussie","service":"social-app","timestamp":"2025-06-13 14:38:04"}
{"level":"info","message":"✅ Connexion à MongoDB réussie","service":"social-app","timestamp":"2025-06-13 14:38:23"}
{"level":"info","message":"✅Mot de passe réinitialisé pour l'utilisateur junior_b (juniorbeguerisse@gmail.com)","service":"social-app","timestamp":"2025-06-13 14:39:31"}
{"level":"info","message":"✅ Connexion à MongoDB réussie","service":"social-app","timestamp":"2025-06-13 14:40:03"}
{"level":"info","message":"✅ Connexion à MongoDB réussie","service":"social-app","timestamp":"2025-06-13 14:40:45"}
